<html>
<body>
<pre>
<h1>µVision Build Log</h1>
<h2>Project:</h2>
C:\Users\akirp\Desktop\arm7Code\experiment-4\C_Uebung\C_Uebung.uvproj
Project File Date:  01/21/2025

<h2>Output:</h2>
Rebuild target 'Simulator'
assembling Startup.s...
compiling C_Uebung.c...
linking...
Program Size: Code=4192 RO-data=72 RW-data=8 ZI-data=1256  
".\C_Uebung.axf" - 0 Error(s), 0 Warning(s).
</pre>
</body>
</html>
C_Uebung.c" - 0 Error(s), 0 Warning(s).
 readSwitchState2 - give arg types
  unsigned int readSwitchState2();
C_Uebung.c(58): warning:  #1295-D: Deprecated declaration readSwitchState3 - give arg types
  unsigned int readSwitchState3();
C_Uebung.c: 3 warnings, 0 errors
linking...
Program Size: Code=2320 RO-data=56 RW-data=0 ZI-data=1256  
".\C_Uebung.axf" - 0 Error(s), 3 Warning(s).
