<html>
<body>
<pre>
<h1>µVision Build Log</h1>
<h2>Project:</h2>
C:\users\valentin\Desktop\arm7Code\experiment-3-new\C_Uebung\C_Uebung.uvproj
Project File Date:  01/19/2025

<h2>Output:</h2>
Rebuild target 'Simulator'
assembling Startup.s...
compiling C_Uebung.c...
linking...
Program Size: Code=812 RO-data=16 RW-data=0 ZI-data=1256  
".\C_Uebung.axf" - 0 Error(s), 0 Warning(s).
</pre>
</body>
</html>
12 RO-data=16 RW-data=0 ZI-data=1256  
".\C_Uebung.axf" - 0 Error(s), 1 Warning(s).
