<html>
<body>
<pre>
<h1>µVision Build Log</h1>
<h2>Project:</h2>
C:\users\valentin\Desktop\arm7Code\experiment-3-new\C_Uebung\C_Uebung.uvproj
Project File Date:  01/19/2025

<h2>Output:</h2>
Rebuild target 'Simulator'
assembling Startup.s...
compiling C_Uebung.c...
linking...
Program Size: Code=1720 RO-data=16 RW-data=0 ZI-data=1256  
".\C_Uebung.axf" - 0 Error(s), 0 Warning(s).

C_Uebung.c(103): warning:  #177-D: variable "address" was declared but never referenced
      unsigned long address;
C_Uebung.c: 2 warnings, 0 errors
linking...
Program Size: Code=1760 RO-data=16 RW-data=0 ZI-data=1256  
".\C_Uebung.axf" - 0 Error(s), 2 Warning(s).
               sendchar('/n'):
C_Uebung.c(109): error:  #65: expected a ";"
                        sendchar('/n'):
C_Uebung.c(102): warning:  #177-D: variable "inputBuffer" was declared but never referenced
      char inputBuffer[9];
C_Uebung.c(103): warning:  #177-D: variable "address" was declared but never referenced
      unsigned long address;
C_Uebung.c: 4 warnings, 2 errors
".\C_Uebung.axf" - 2 Error(s), 4 Warning(s).
Target not created
ng.c(26): warning:  #1-D: last line of file ends without a newline
  } /* Ende von main */
C_Uebung.c: 1 warning, 8 errors
".\C_Uebung.axf" - 8 Error(s), 1 Warning(s).
Target not created
