<html>
<body>
<pre>
<h1>µVision Build Log</h1>
<h2>Project:</h2>
G:\tuesday adventures\arm7Code-main\experiment-3-new\C_Uebung\C_Uebung.uvproj
Project File Date:  01/28/2025

<h2>Output:</h2>
Rebuild target 'Zielsystem'
assembling Startup.s...
compiling C_Uebung.c...
linking...
Program Size: Code=3048 RO-data=228 RW-data=48 ZI-data=1256  
".\C_Uebung.axf" - 0 Error(s), 0 Warning(s).
Load "G:\\tuesday adventures\\arm7Code-main\\experiment-3-new\\C_Uebung\\C_Uebung.axf" 
ProjectFile = G:\tuesday adventures\arm7Code-main\experiment-3-new\C_Uebung\JLinkArm_Zielsystem.ini
Device = LPC2194
Info: Device "LPC2194" selected.
VTarget = 3.304V
Info: TotalIRLen = 4, IRPrint = 0x01
Info: JTAG chain detection found 1 devices:
Info:  #0 Id: 0x4F1F0F0F, IRLen: 04, ARM7TDMI-S Core
Info: RTCK reaction time is approx. 83ns
Info: Auto JTAG speed: Adaptive
Info: RESET has cleared breakpoint, using default reset strategy.
Info: Resetting target using RESET pin
Info: Resetting TRST
DLL version V7.54, compiled Sep  1 2021 10:41:51
Firmware: J-Link V9 compiled May  7 2021 16:26:12
Hardware: V9.30
Hardware-Breakpoints: 2
Software-Breakpoints: 8192
Watchpoints:          0
Found 1 JTAG device, Total IRLen = 4:
 Id of device #0: 0x4F1F0F0F
ARM7 identified.
Using adaptive clocking instead of fixed JTAG speed.
Info: RESET has cleared breakpoint, using default reset strategy.
Info: Resetting target using RESET pin
Info: Resetting TRST
Info: Resetting TRST
JTAG speed: 1000 kHz
Erase Done.
Programming Done.
Verify OK.
</pre>
</body>
</html>
iment-3-new\\C_Uebung\\C_Uebung.axf" 
ProjectFile = G:\tuesday adventures\arm7Code-main\experiment-3-new\C_Uebung\JLinkArm_Zielsystem.ini
Device = LPC2194
Info: Device "LPC2194" selected.
VTarget = 3.303V
Info: TotalIRLen = 4, IRPrint = 0x01
Info: JTAG chain detection found 1 devices:
Info:  #0 Id: 0x4F1F0F0F, IRLen: 04, ARM7TDMI-S Core
Info: RTCK reaction time is approx. 83ns
Info: Auto JTAG speed: Adaptive
Info: RESET has cleared breakpoint, using default reset strategy.
Info: Resetting target using RESET pin
Info: Resetting TRST
DLL version V7.54, compiled Sep  1 2021 10:41:51
Firmware: J-Link V9 compiled May  7 2021 16:26:12
Hardware: V9.30
Hardware-Breakpoints: 2
Software-Breakpoints: 8192
Watchpoints:          0
Found 1 JTAG device, Total IRLen = 4:
 Id of device #0: 0x4F1F0F0F
ARM7 identified.
Using adaptive clocking instead of fixed JTAG speed.
Info: RESET has cleared breakpoint, using default reset strategy.
Info: Resetting target using RESET pin
Info: Resetting TRST
JTAG speed: 1000 kHz
Erase Done.
Programming Done.
Verify OK.
compiling C_Uebung.c...
"C_Uebung.c" - 0 Error(s), 0 Warning(s).
Load "G:\\tuesday adventures\\arm7Code-main\\experiment-3-new\\C_Uebung\\C_Uebung.axf" 
_____^
*** error 56: cannot open file
Error: Flash Download failed  -  Could not load file 'G:\tuesday adventures\arm7Code-main\experiment-3-new\C_Uebung\C_Uebung.axf'
